3.700000000000000178e+00
5.000000000000000000e-01
8.900000000000000355e+00
